
> sartracker-web@0.1.0-beta.12.11 test
> vitest run tests/unit/responsiveness-attribution.test.ts --no-file-parallelism


 RUN  v4.1.3 <workspace>

 ❯ tests/unit/responsiveness-attribution.test.ts (4 tests | 1 failed) 5ms
     × rejects missing mandatory realm evidence instead of treating it as zero delay 3ms

⎯⎯⎯⎯⎯⎯⎯ Failed Tests 1 ⎯⎯⎯⎯⎯⎯⎯

 FAIL  tests/unit/responsiveness-attribution.test.ts > responsiveness attribution [DON-254] > rejects missing mandatory realm evidence instead of treating it as zero delay
AssertionError: expected [Function] to throw error including 'incomplete' but got '(0 , __vite_ssr_import_1__.validateAt…'

Expected: "incomplete"
Received: "(0 , __vite_ssr_import_1__.validateAttributionEvidence) is not a function"

 ❯ tests/unit/responsiveness-attribution.test.ts:6:51
      4| describe('responsiveness attribution [DON-254]', () => {
      5|   it('rejects missing mandatory realm evidence instead of treating it …
      6|     expect(() => validateAttributionEvidence({})).toThrow('incomplete')
       |                                                   ^
      7|   })
      8|   it('retains a real event-loop gap independently of inspector timing'…

⎯⎯⎯⎯⎯⎯⎯⎯⎯⎯⎯⎯⎯⎯⎯⎯⎯⎯⎯⎯⎯⎯⎯⎯[1/1]⎯


 Test Files  1 failed (1)
      Tests  1 failed | 3 passed (4)
   Start at  20:41:31
   Duration  532ms (transform 26ms, setup 0ms, import 33ms, tests 5ms, environment 268ms)
