
> sartracker-web@0.1.0-beta.12.11 test
> vitest run --no-file-parallelism


 RUN  v4.1.3 <workspace>

Legacy event preparation heartbeat diagnostics: {"maximumHeartbeatGapMs":129.45691700000316,"maximumInspectionQueryMs":2.001749999999447,"largestGapProcessCpuMs":70.458,"overlappingMainThreadGc":[]}
GPX current-write diagnostics: {"maximumWriteMs":28.332916999999725,"largestWriteProcessCpuMs":4.071,"maximumHeartbeatGapMs":13.485916999998153,"sequence":500}
 ❯ tests/unit/breadcrumb-pr6-kill-matrix-lib.test.ts (30 tests | 1 failed) 3915ms
     × runs a fast protocol self-test through the report-writing CLI without archive claims 223ms

⎯⎯⎯⎯⎯⎯⎯ Failed Tests 1 ⎯⎯⎯⎯⎯⎯⎯

 FAIL  tests/unit/breadcrumb-pr6-kill-matrix-lib.test.ts > Breadcrumb PR6 real-process archive kill matrix helpers > runs a fast protocol self-test through the report-writing CLI without archive claims
AssertionError: Breadcrumb PR6 kill-matrix qualification failed safely.
: expected 1 to be +0 // Object.is equality

- Expected
+ Received

- 0
+ 1

 ❯ tests/unit/breadcrumb-pr6-kill-matrix-lib.test.ts:1424:42
    1422|     })
    1423|
    1424|     expect(result.status, result.stderr).toBe(0)
       |                                          ^
    1425|     expect(result.signal).toBeNull()
    1426|     expect(JSON.parse(readFileSync(reportPath, 'utf8'))).toMatchObject…

⎯⎯⎯⎯⎯⎯⎯⎯⎯⎯⎯⎯⎯⎯⎯⎯⎯⎯⎯⎯⎯⎯⎯⎯[1/1]⎯


 Test Files  1 failed | 428 passed (429)
      Tests  1 failed | 4392 passed (4393)
   Start at  22:14:55
   Duration  459.20s (transform 3.44s, setup 0ms, import 11.59s, tests 314.48s, environment 107.04s)
