
 RUN  v4.1.3 /private/tmp/sartracker-war11-baseline.cTbcn3

stdout | tmp/war-11/aud11-no-coverage-decoder.test.ts > AUD-11 no-coverage tile decoder reproduction > serves a decoder-accepted no-coverage PNG
AUD-11 decoder observation {
  contentType: 'image/png',
  isBuiltInNoCoverageTile: true,
  byteLength: 1363,
  pngSignature: 'PNG',
  width: 256,
  height: 256,
  chromiumDecodable: true,
  strictDecodable: false,
  strictFailure: 'PNG chunk exceeds available bytes.'
}

 ❯ tmp/war-11/aud11-no-coverage-decoder.test.ts (1 test | 1 failed) 137ms
     × serves a decoder-accepted no-coverage PNG 136ms

⎯⎯⎯⎯⎯⎯⎯ Failed Tests 1 ⎯⎯⎯⎯⎯⎯⎯

 FAIL  tmp/war-11/aud11-no-coverage-decoder.test.ts > AUD-11 no-coverage tile decoder reproduction > serves a decoder-accepted no-coverage PNG
AssertionError: expected false to be true // Object.is equality

- Expected
+ Received

- true
+ false

 ❯ tmp/war-11/aud11-no-coverage-decoder.test.ts:82:38
     80|     console.info('AUD-11 decoder observation', observed)
     81|
     82|     expect(observed.strictDecodable).toBe(true)
       |                                      ^
     83|   })
     84| })

⎯⎯⎯⎯⎯⎯⎯⎯⎯⎯⎯⎯⎯⎯⎯⎯⎯⎯⎯⎯⎯⎯⎯⎯[1/1]⎯


 Test Files  1 failed (1)
      Tests  1 failed (1)
   Start at  17:37:02
   Duration  370ms (transform 15ms, setup 0ms, import 143ms, tests 137ms, environment 0ms)


