[2m[WebServer] [22m(node:99292) Warning: The 'NO_COLOR' env is ignored due to the 'FORCE_COLOR' env being set.
[2m[WebServer] [22m(Use `node --trace-warnings ...` to show where the warning was created)
[2m[WebServer] [22mBrowserslist: browsers data (caniuse-lite) is 6 months old. Please run:
[2m[WebServer] [22m  npx update-browserslist-db@latest
[2m[WebServer] [22m  Why you should do it regularly: https://github.com/browserslist/update-db#readme
[2m[WebServer] [22m(node:99326) Warning: The 'NO_COLOR' env is ignored due to the 'FORCE_COLOR' env being set.
[2m[WebServer] [22m(Use `node --trace-warnings ...` to show where the warning was created)
[2m[WebServer] [22mBrowserslist: browsers data (caniuse-lite) is 6 months old. Please run:
[2m[WebServer] [22m  npx update-browserslist-db@latest
[2m[WebServer] [22m  Why you should do it regularly: https://github.com/browserslist/update-db#readme

Running 4 tests using 1 worker

(node:99331) Warning: The 'NO_COLOR' env is ignored due to the 'FORCE_COLOR' env being set.
(Use `node --trace-warnings ...` to show where the warning was created)
(node:99331) Warning: The 'NO_COLOR' env is ignored due to the 'FORCE_COLOR' env being set.
(Use `node --trace-warnings ...` to show where the warning was created)
  ✓  1 [chromium] › tests/e2e/official-map-qualification.spec.ts:14:1 › official map readiness follows checked tiles, movement, and package removal (4.9s)
  ✓  2 [chromium] › tests/e2e/official-map-raster-freshness.spec.ts:118:3 › external removal clears resident raster and reimport recovers (loaded) (6.1s)
  ✓  3 [chromium] › tests/e2e/official-map-raster-freshness.spec.ts:118:3 › external removal clears resident raster and reimport recovers (pending overlay) (4.6s)
  ✓  4 [chromium] › tests/e2e/official-map-raster-freshness.spec.ts:144:1 › same-path A to B replacement clears old pixels while unrelated overlay is pending (4.0s)

  4 passed (23.0s)
